// Jest Snapshot v1, https://goo.gl/fbAQLP

exports[`renders demo correctly 1`] = `
<div>
  <div>
    <div class="ms-cell ms-cell--clickable ms-coupon-cell">
      <!---->
      <div class="ms-cell__title"><span>优惠券</span>
        <!---->
      </div>
      <div class="ms-cell__value"><span>2张可用</span></div> <i class="ms-icon ms-icon-arrow ms-cell__right-icon" style="color:undefined;font-size:undefined;">
        <!---->
        <!----></i>
    </div>
    <!---->
  </div>
</div>
`;
