// Jest Snapshot v1, https://goo.gl/fbAQLP

exports[`renders demo correctly 1`] = `
<div>
  <div>
    <div class="ms-steps ms-steps--horizontal">
      <!---->
      <div class="ms-steps__items ms-steps__items--alone">
        <div class="ms-hairline ms-step ms-step--horizontal ms-step--finish">
          <div class="ms-step__title">买家下单</div>
          <div class="ms-step__circle-container"><i class="ms-step__circle"></i></div>
          <div class="ms-step__line"></div>
        </div>
        <div class="ms-hairline ms-step ms-step--horizontal ms-step--process">
          <div class="ms-step__title" style="color:#4b0;">商家接单</div>
          <div class="ms-step__circle-container"><i class="ms-icon ms-icon-checked" style="color:#4b0;font-size:undefined;">
              <!---->
              <!----></i></div>
          <div class="ms-step__line"></div>
        </div>
        <div class="ms-hairline ms-step ms-step--horizontal">
          <div class="ms-step__title">买家提货</div>
          <div class="ms-step__circle-container"><i class="ms-step__circle"></i></div>
          <div class="ms-step__line"></div>
        </div>
        <div class="ms-hairline ms-step ms-step--horizontal">
          <div class="ms-step__title">交易完成</div>
          <div class="ms-step__circle-container"><i class="ms-step__circle"></i></div>
          <div class="ms-step__line"></div>
        </div>
      </div>
    </div> <button class="ms-button ms-button--default ms-button--normal"><span class="ms-button__text">下一步</span></button>
  </div>
  <div>
    <div class="ms-steps ms-steps--vertical">
      <!---->
      <div class="ms-steps__items ms-steps__items--alone">
        <div class="ms-hairline ms-step ms-step--vertical ms-step--process">
          <div class="ms-step__title" style="color:#f44;">
            <h3>【城市】物流状态1</h3>
            <p>2016-07-12 12:40</p>
          </div>
          <div class="ms-step__circle-container"><i class="ms-icon ms-icon-checked" style="color:#f44;font-size:undefined;">
              <!---->
              <!----></i></div>
          <div class="ms-step__line"></div>
        </div>
        <div class="ms-hairline ms-step ms-step--vertical">
          <div class="ms-step__title">
            <h3>【城市】物流状态</h3>
            <p>2016-07-11 10:00</p>
          </div>
          <div class="ms-step__circle-container"><i class="ms-step__circle"></i></div>
          <div class="ms-step__line"></div>
        </div>
        <div class="ms-hairline ms-step ms-step--vertical">
          <div class="ms-step__title">
            <h3>快件已发货</h3>
            <p>2016-07-10 09:30</p>
          </div>
          <div class="ms-step__circle-container"><i class="ms-step__circle"></i></div>
          <div class="ms-step__line"></div>
        </div>
      </div>
    </div>
  </div>
</div>
`;
