// Jest Snapshot v1, https://goo.gl/fbAQLP

exports[`renders demo correctly 1`] = `
<div>
  <div>
    <div class="ms-row">
      <div class="ms-col ms-col--8">span: 8</div>
      <div class="ms-col ms-col--8">span: 8</div>
      <div class="ms-col ms-col--8">span: 8</div>
    </div>
    <div class="ms-row">
      <div class="ms-col ms-col--4">span: 4</div>
      <div class="ms-col ms-col--10 ms-col--offset-4">
        offset: 4, span: 10
      </div>
    </div>
    <div class="ms-row">
      <div class="ms-col ms-col--12 ms-col--offset-12">
        offset: 12, span: 12
      </div>
    </div>
  </div>
  <div>
    <div class="ms-row" style="margin-left:-10px;margin-right:-10px;">
      <div class="ms-col ms-col--8" style="padding-left:10px;padding-right:10px;">span: 8</div>
      <div class="ms-col ms-col--8" style="padding-left:10px;padding-right:10px;">span: 8</div>
      <div class="ms-col ms-col--8" style="padding-left:10px;padding-right:10px;">span: 8</div>
    </div>
  </div>
  <div>
    <div class="ms-row ms-row--flex">
      <div class="ms-col ms-col--6">span: 6</div>
      <div class="ms-col ms-col--6">span: 6</div>
      <div class="ms-col ms-col--6">span: 6</div>
    </div>
    <div class="ms-row ms-row--flex ms-row--justify-center">
      <div class="ms-col ms-col--6">span: 6</div>
      <div class="ms-col ms-col--6">span: 6</div>
      <div class="ms-col ms-col--6">span: 6</div>
    </div>
    <div class="ms-row ms-row--flex ms-row--justify-end">
      <div class="ms-col ms-col--6">span: 6</div>
      <div class="ms-col ms-col--6">span: 6</div>
      <div class="ms-col ms-col--6">span: 6</div>
    </div>
    <div class="ms-row ms-row--flex ms-row--justify-space-between">
      <div class="ms-col ms-col--6">span: 6</div>
      <div class="ms-col ms-col--6">span: 6</div>
      <div class="ms-col ms-col--6">span: 6</div>
    </div>
    <div class="ms-row ms-row--flex ms-row--justify-space-around">
      <div class="ms-col ms-col--6">span: 6</div>
      <div class="ms-col ms-col--6">span: 6</div>
      <div class="ms-col ms-col--6">span: 6</div>
    </div>
  </div>
</div>
`;
