// Jest Snapshot v1, https://goo.gl/fbAQLP

exports[`renders demo correctly 1`] = `
<div>
  <div>
    <div class="demo-uploader-container">
      <div class="ms-uploader"><i class="ms-icon ms-icon-photograph" style="color:undefined;font-size:undefined;">
          <!---->
          <!----></i> <input type="file" accept="image/*" class="ms-uploader__input"></div>
    </div>
  </div>
  <div>
    <div class="demo-uploader-container">
      <div class="ms-uploader"><i class="ms-icon ms-icon-photograph" style="color:undefined;font-size:undefined;">
          <!---->
          <!----></i> <input type="file" accept="image/gif, image/jpeg" multiple="multiple" class="ms-uploader__input"></div>
    </div>
  </div>
</div>
`;
