// Jest Snapshot v1, https://goo.gl/fbAQLP

exports[`renders demo correctly 1`] = `
<div>
  <div>
    <div class="ms-search" style="background:#f2f2f2;">
      <div placeholder="请输入搜索关键词" class="ms-cell ms-cell--borderless ms-field"><i class="ms-icon ms-icon-search ms-cell__left-icon" style="color:undefined;font-size:undefined;">
          <!---->
          <!----></i>
        <!---->
        <div class="ms-cell__value ms-cell__value--alone">
          <div class="ms-field__body"><input type="search" placeholder="请输入搜索关键词" value="" class="ms-field__control">
            <!---->
            <!---->
            <!---->
          </div>
          <!---->
        </div>
        <!---->
      </div>
      <!---->
    </div>
  </div>
  <div>
    <form action="/">
      <div class="ms-search ms-search--show-action" style="background:#f2f2f2;">
        <div placeholder="请输入搜索关键词" class="ms-cell ms-cell--borderless ms-field"><i class="ms-icon ms-icon-search ms-cell__left-icon" style="color:undefined;font-size:undefined;">
            <!---->
            <!----></i>
          <!---->
          <div class="ms-cell__value ms-cell__value--alone">
            <div class="ms-field__body"><input type="search" placeholder="请输入搜索关键词" value="" class="ms-field__control">
              <!---->
              <!---->
              <!---->
            </div>
            <!---->
          </div>
          <!---->
        </div>
        <div class="ms-search__action">
          <div>取消</div>
        </div>
      </div>
    </form>
  </div>
  <div>
    <div class="ms-search ms-search--show-action" style="background:#f2f2f2;">
      <div placeholder="请输入搜索关键词" class="ms-cell ms-cell--borderless ms-field"><i class="ms-icon ms-icon-search ms-cell__left-icon" style="color:undefined;font-size:undefined;">
          <!---->
          <!----></i>
        <!---->
        <div class="ms-cell__value ms-cell__value--alone">
          <div class="ms-field__body"><input type="search" placeholder="请输入搜索关键词" value="" class="ms-field__control">
            <!---->
            <!---->
            <!---->
          </div>
          <!---->
        </div>
        <!---->
      </div>
      <div class="ms-search__action">
        <div>
          搜索
        </div>
      </div>
    </div>
  </div>
</div>
`;
