// Jest Snapshot v1, https://goo.gl/fbAQLP

exports[`renders demo correctly 1`] = `
<div>
  <div>
    <div class="ms-goods-action">
      <div class="ms-hairline ms-goods-action-mini-btn"><i class="ms-icon ms-icon-chat-o ms-goods-action-mini-btn__icon" style="color:undefined;font-size:undefined;">
          <!---->
          <!----></i> 客服</div>
      <div class="ms-hairline ms-goods-action-mini-btn"><i class="ms-icon ms-icon-cart-o ms-goods-action-mini-btn__icon" style="color:undefined;font-size:undefined;">
          <!---->
          <!----></i> 购物车</div> <button class="ms-button ms-button--warning ms-button--large ms-button--square ms-goods-action-big-btn"><span class="ms-button__text">加入购物车</span></button> <button class="ms-button ms-button--danger ms-button--large ms-button--square ms-goods-action-big-btn"><span class="ms-button__text">立即购买</span></button>
    </div>
  </div>
  <div>
    <div class="ms-goods-action">
      <div class="ms-hairline ms-goods-action-mini-btn"><i class="ms-icon ms-icon-chat-o ms-goods-action-mini-btn__icon" style="color:undefined;font-size:undefined;">
          <!---->
          <!----></i> 客服</div>
      <div class="ms-hairline ms-goods-action-mini-btn"><i class="ms-icon ms-icon-cart-o ms-goods-action-mini-btn__icon" style="color:undefined;font-size:undefined;">
          <!---->
          <div class="ms-info">
            5
          </div>
        </i> 购物车</div>
      <div class="ms-hairline ms-goods-action-mini-btn"><i class="ms-icon ms-icon-shop-o ms-goods-action-mini-btn__icon" style="color:undefined;font-size:undefined;">
          <!---->
          <!----></i> 店铺</div> <button class="ms-button ms-button--warning ms-button--large ms-button--square ms-goods-action-big-btn"><span class="ms-button__text">加入购物车</span></button> <button class="ms-button ms-button--danger ms-button--large ms-button--square ms-goods-action-big-btn"><span class="ms-button__text">立即购买</span></button>
    </div>
  </div>
</div>
`;
