// Jest Snapshot v1, https://goo.gl/fbAQLP

exports[`renders demo correctly 1`] = `
<div>
  <div>
    <p class="page-desc">当即将滚动到元素底部时，会自动加载更多</p>
    <div class="ms-pull-refresh">
      <div class="ms-pull-refresh__track" style="transition:0ms;transform:translate3d(0,0px, 0);">
        <div class="ms-pull-refresh__head">
          <!---->
          <!---->
          <!---->
        </div>
        <div class="ms-list">
          <!---->
          <!---->
        </div>
      </div>
    </div>
  </div>
</div>
`;
