// Jest Snapshot v1, https://goo.gl/fbAQLP

exports[`renders demo correctly 1`] = `
<div>
  <div>
    <div class="ms-picker ms-area">
      <div class="ms-hairline--top-bottom ms-picker__toolbar">
        <div class="ms-picker__cancel">
          取消
        </div>
        <!---->
        <div class="ms-picker__confirm">
          确认
        </div>
      </div>
      <!---->
      <div class="ms-picker__columns" style="height:220px;">
        <div class="ms-picker-column" style="height:220px;">
          <ul style="transition:0ms;transform:translate3d(0, 88px, 0);line-height:44px;"></ul>
        </div>
        <div class="ms-picker-column" style="height:220px;">
          <ul style="transition:0ms;transform:translate3d(0, 88px, 0);line-height:44px;"></ul>
        </div>
        <div class="ms-picker-column" style="height:220px;">
          <ul style="transition:0ms;transform:translate3d(0, 88px, 0);line-height:44px;"></ul>
        </div>
        <div class="ms-hairline--top-bottom ms-picker__frame" style="height:44px;"></div>
      </div>
    </div>
  </div>
  <div>
    <div class="ms-picker ms-area">
      <div class="ms-hairline--top-bottom ms-picker__toolbar">
        <div class="ms-picker__cancel">
          取消
        </div>
        <!---->
        <div class="ms-picker__confirm">
          确认
        </div>
      </div>
      <!---->
      <div class="ms-picker__columns" style="height:220px;">
        <div class="ms-picker-column" style="height:220px;">
          <ul style="transition:0ms;transform:translate3d(0, 88px, 0);line-height:44px;"></ul>
        </div>
        <div class="ms-picker-column" style="height:220px;">
          <ul style="transition:0ms;transform:translate3d(0, 88px, 0);line-height:44px;"></ul>
        </div>
        <div class="ms-picker-column" style="height:220px;">
          <ul style="transition:0ms;transform:translate3d(0, 88px, 0);line-height:44px;"></ul>
        </div>
        <div class="ms-hairline--top-bottom ms-picker__frame" style="height:44px;"></div>
      </div>
    </div>
  </div>
  <div>
    <div class="ms-picker ms-area">
      <div class="ms-hairline--top-bottom ms-picker__toolbar">
        <div class="ms-picker__cancel">
          取消
        </div>
        <div class="ms-ellipsis ms-picker__title">标题</div>
        <div class="ms-picker__confirm">
          确认
        </div>
      </div>
      <!---->
      <div class="ms-picker__columns" style="height:220px;">
        <div class="ms-picker-column" style="height:220px;">
          <ul style="transition:0ms;transform:translate3d(0, 88px, 0);line-height:44px;"></ul>
        </div>
        <div class="ms-picker-column" style="height:220px;">
          <ul style="transition:0ms;transform:translate3d(0, 88px, 0);line-height:44px;"></ul>
        </div>
        <div class="ms-hairline--top-bottom ms-picker__frame" style="height:44px;"></div>
      </div>
    </div>
  </div>
</div>
`;
