// Jest Snapshot v1, https://goo.gl/fbAQLP

exports[`renders demo correctly 1`] = `
<div>
  <div><button class="ms-button ms-button--default ms-button--normal"><span class="ms-button__text">弹出 Popup</span></button>
    <!---->
  </div>
  <div><button class="ms-button ms-button--default ms-button--normal"><span class="ms-button__text">底部弹出</span></button>
    <!----> <button class="ms-button ms-button--default ms-button--normal"><span class="ms-button__text">顶部弹出</span></button>
    <!----> <button class="ms-button ms-button--default ms-button--normal"><span class="ms-button__text">右侧弹出</span></button>
    <!---->
  </div>
</div>
`;
