// Jest Snapshot v1, https://goo.gl/fbAQLP

exports[`reset z-index 1`] = `<div class="ms-popup" name="ms-fade"></div>`;
