// Jest Snapshot v1, https://goo.gl/fbAQLP

exports[`column watch default index 1`] = `
<div class="ms-picker-column" style="height: 0px;">
  <ul style="transform: translate3d(0, -75px, 0); line-height: 50px;">
    <li class="ms-ellipsis ms-picker-column__item ms-picker-column__item--disabled" style="height: 50px;">1</li>
    <li class="ms-ellipsis ms-picker-column__item ms-picker-column__item--selected" style="height: 50px;">1990</li>
    <li class="ms-ellipsis ms-picker-column__item" style="height: 50px;">1991</li>
    <li class="ms-ellipsis ms-picker-column__item" style="height: 50px;">1992</li>
    <li class="ms-ellipsis ms-picker-column__item" style="height: 50px;">1993</li>
    <li class="ms-ellipsis ms-picker-column__item" style="height: 50px;">1994</li>
    <li class="ms-ellipsis ms-picker-column__item" style="height: 50px;">1995</li>
  </ul>
</div>
`;

exports[`column watch default index 2`] = `
<div class="ms-picker-column" style="height: 0px;">
  <ul style="transform: translate3d(0, -125px, 0); line-height: 50px;">
    <li class="ms-ellipsis ms-picker-column__item ms-picker-column__item--disabled" style="height: 50px;">1</li>
    <li class="ms-ellipsis ms-picker-column__item" style="height: 50px;">1990</li>
    <li class="ms-ellipsis ms-picker-column__item ms-picker-column__item--selected" style="height: 50px;">1991</li>
    <li class="ms-ellipsis ms-picker-column__item" style="height: 50px;">1992</li>
    <li class="ms-ellipsis ms-picker-column__item" style="height: 50px;">1993</li>
    <li class="ms-ellipsis ms-picker-column__item" style="height: 50px;">1994</li>
    <li class="ms-ellipsis ms-picker-column__item" style="height: 50px;">1995</li>
  </ul>
</div>
`;
