// Jest Snapshot v1, https://goo.gl/fbAQLP

exports[`renders demo correctly 1`] = `
<div>
  <div><button class="ms-button ms-button--primary ms-button--normal ms-button--plain"><span class="ms-button__text">
      消息提示
    </span></button> <button class="ms-button ms-button--primary ms-button--normal ms-button--plain"><span class="ms-button__text">
      无标题提示
    </span></button></div>
  <div><button class="ms-button ms-button--primary ms-button--normal ms-button--plain"><span class="ms-button__text">
      消息确认
    </span></button></div>
  <div><button class="ms-button ms-button--danger ms-button--normal ms-button--plain"><span class="ms-button__text">
      高级用法
    </span></button>
    <div name="ms-dialog-bounce" class="ms-dialog" style="display:none;">
      <!---->
      <div class="ms-dialog__content">
        <div placeholder="请输入用户名" class="ms-cell ms-field">
          <!---->
          <div class="ms-cell__title"><span>用户名</span>
            <!---->
          </div>
          <div class="ms-cell__value">
            <div class="ms-field__body"><input type="text" placeholder="请输入用户名" value="" class="ms-field__control">
              <!---->
              <!---->
              <!---->
            </div>
            <!---->
          </div>
          <!---->
        </div>
        <div placeholder="请输入密码" class="ms-cell ms-field">
          <!---->
          <div class="ms-cell__title"><span>密码</span>
            <!---->
          </div>
          <div class="ms-cell__value">
            <div class="ms-field__body"><input type="password" placeholder="请输入密码" value="" class="ms-field__control">
              <!---->
              <!---->
              <!---->
            </div>
            <!---->
          </div>
          <!---->
        </div>
      </div>
      <div class="ms-hairline--top ms-dialog__footer ms-dialog__footer--buttons"><button class="ms-button ms-button--default ms-button--large ms-dialog__cancel"><span class="ms-button__text">
        取消
      </span></button> <button class="ms-button ms-button--default ms-button--large ms-dialog__confirm ms-hairline--left"><span class="ms-button__text">
        消息确认
      </span></button></div>
    </div>
  </div>
</div>
`;
