// Jest Snapshot v1, https://goo.gl/fbAQLP

exports[`create a forbidClick toast 1`] = `
<div class="ms-toast ms-toast--text ms-toast--middle" style="display: none;" name="ms-fade">
  <div></div>
  <!---->
  <!---->
</div>
`;
