// Jest Snapshot v1, https://goo.gl/fbAQLP

exports[`renders demo correctly 1`] = `
<div>
  <div>
    <div class="ms-cell-group ms-hairline--top-bottom">
      <div placeholder="请输入用户名" class="ms-cell ms-field">
        <!---->
        <!---->
        <div class="ms-cell__value ms-cell__value--alone">
          <div class="ms-field__body"><input type="text" placeholder="请输入用户名" value="" class="ms-field__control">
            <!---->
            <!---->
            <!---->
          </div>
          <!---->
        </div>
        <!---->
      </div>
    </div>
  </div>
  <div>
    <div class="ms-cell-group ms-hairline--top-bottom">
      <div placeholder="请输入用户名" class="ms-cell ms-cell--required ms-field">
        <!---->
        <div class="ms-cell__title"><span>用户名</span>
          <!---->
        </div>
        <div class="ms-cell__value">
          <div class="ms-field__body"><input type="text" placeholder="请输入用户名" value="" class="ms-field__control">
            <!---->
            <div class="ms-field__icon"><i class="ms-icon ms-icon-question-o" style="color:undefined;font-size:undefined;">
                <!---->
                <!----></i></div>
            <!---->
          </div>
          <!---->
        </div>
        <!---->
      </div>
      <div placeholder="请输入密码" class="ms-cell ms-cell--required ms-field">
        <!---->
        <div class="ms-cell__title"><span>密码</span>
          <!---->
        </div>
        <div class="ms-cell__value">
          <div class="ms-field__body"><input type="password" placeholder="请输入密码" value="" class="ms-field__control">
            <!---->
            <!---->
            <!---->
          </div>
          <!---->
        </div>
        <!---->
      </div>
    </div>
  </div>
  <div>
    <div class="ms-cell-group ms-hairline--top-bottom">
      <div disabled="disabled" class="ms-cell ms-field"><i class="ms-icon ms-icon-contact ms-cell__left-icon" style="color:undefined;font-size:undefined;">
          <!---->
          <!----></i>
        <div class="ms-cell__title"><span>用户名</span>
          <!---->
        </div>
        <div class="ms-cell__value">
          <div class="ms-field__body"><input type="text" disabled="disabled" value="输入框已禁用" class="ms-field__control">
            <!---->
            <!---->
            <!---->
          </div>
          <!---->
        </div>
        <!---->
      </div>
    </div>
  </div>
  <div>
    <div class="ms-cell-group ms-hairline--top-bottom">
      <div placeholder="请输入用户名" class="ms-cell ms-field ms-field--error">
        <!---->
        <div class="ms-cell__title"><span>用户名</span>
          <!---->
        </div>
        <div class="ms-cell__value">
          <div class="ms-field__body"><input type="text" placeholder="请输入用户名" value="" class="ms-field__control">
            <!---->
            <!---->
            <!---->
          </div>
          <!---->
        </div>
        <!---->
      </div>
      <div placeholder="请输入手机号" class="ms-cell ms-field">
        <!---->
        <div class="ms-cell__title"><span>手机号</span>
          <!---->
        </div>
        <div class="ms-cell__value">
          <div class="ms-field__body"><input type="text" placeholder="请输入手机号" value="1365577" class="ms-field__control">
            <!---->
            <!---->
            <!---->
          </div>
          <div class="ms-field__error-message">手机号格式错误</div>
        </div>
        <!---->
      </div>
    </div>
  </div>
  <div>
    <div class="ms-cell-group ms-hairline--top-bottom">
      <div placeholder="请输入留言" rows="1" class="ms-cell ms-field">
        <!---->
        <div class="ms-cell__title"><span>留言</span>
          <!---->
        </div>
        <div class="ms-cell__value">
          <div class="ms-field__body"><textarea placeholder="请输入留言" rows="1" class="ms-field__control"></textarea>
            <!---->
            <!---->
            <!---->
          </div>
          <!---->
        </div>
        <!---->
      </div>
    </div>
  </div>
  <div>
    <div class="ms-cell-group ms-hairline--top-bottom">
      <div placeholder="请输入短信验证码" class="ms-cell ms-cell--center ms-field">
        <!---->
        <div class="ms-cell__title"><span>短信验证码</span>
          <!---->
        </div>
        <div class="ms-cell__value">
          <div class="ms-field__body"><input type="text" placeholder="请输入短信验证码" value="" class="ms-field__control">
            <!---->
            <!---->
            <div class="ms-field__button"><button class="ms-button ms-button--primary ms-button--small"><span class="ms-button__text">
          发送验证码
        </span></button></div>
          </div>
          <!---->
        </div>
        <!---->
      </div>
    </div>
  </div>
</div>
`;
