// Jest Snapshot v1, https://goo.gl/fbAQLP

exports[`calc width 1`] = `<div class="ms-progress"><span class="ms-progress__portion" style="width: 0px; background: rgb(25, 137, 250);"><!----></span></div>`;

exports[`calc width 2`] = `
<div class="ms-progress"><span class="ms-progress__portion ms-progress__portion--with-pivot" style="width: 0px; background: rgb(25, 137, 250);"><span class="ms-progress__pivot" style="color: rgb(255, 255, 255); background: rgb(25, 137, 250);">
      test
    </span></span></div>
`;
