// Jest Snapshot v1, https://goo.gl/fbAQLP

exports[`renders demo correctly 1`] = `
<div>
  <div>
    <div class="ms-notice-bar" style="color:undefined;background:undefined;">
      <!---->
      <div class="ms-notice-bar__wrap">
        <div class="ms-notice-bar__content" style="padding-left:0;animation-delay:1s;animation-duration:0s;">建议在手机模式下浏览本示例</div>
      </div>
      <!---->
    </div>
    <div>
      <div class="ms-swipe-cell">
        <div class="ms-swipe-cell__wrapper" style="transform:translate3d(0px, 0, 0);transition:.6s cubic-bezier(0.18, 0.89, 0.32, 1);">
          <div class="ms-swipe-cell__left"><span>选择</span></div>
          <div class="ms-cell-group ms-hairline--top-bottom">
            <div class="ms-cell">
              <!---->
              <div class="ms-cell__title"><span>单元格</span>
                <!---->
              </div>
              <div class="ms-cell__value"><span>内容</span></div>
              <!---->
            </div>
          </div>
          <div class="ms-swipe-cell__right"><span>删除</span></div>
        </div>
      </div>
    </div>
    <div>
      <div class="ms-swipe-cell">
        <div class="ms-swipe-cell__wrapper" style="transform:translate3d(0px, 0, 0);transition:.6s cubic-bezier(0.18, 0.89, 0.32, 1);">
          <div class="ms-swipe-cell__left"><span>选择</span></div>
          <div class="ms-cell-group ms-hairline--top-bottom">
            <div class="ms-cell">
              <!---->
              <div class="ms-cell__title"><span>单元格</span>
                <!---->
              </div>
              <div class="ms-cell__value"><span>内容</span></div>
              <!---->
            </div>
          </div>
          <div class="ms-swipe-cell__right"><span>删除</span></div>
        </div>
      </div>
    </div>
  </div>
</div>
`;
