// Jest Snapshot v1, https://goo.gl/fbAQLP

exports[`renders demo correctly 1`] = `
<div>
  <div>
    <div class="ms-notice-bar" style="color:undefined;background:undefined;"><i class="ms-icon ms-icon-volume-o ms-notice-bar__left-icon" style="color:undefined;font-size:undefined;">
        <!---->
        <!----></i>
      <div class="ms-notice-bar__wrap">
        <div class="ms-notice-bar__content" style="padding-left:0;animation-delay:1s;animation-duration:0s;">足协杯战线连续第2年上演广州德比战，上赛季半决赛上恒大以两回合5-3的总比分淘汰富力。</div>
      </div>
      <!---->
    </div>
  </div>
  <div>
    <div class="ms-notice-bar" style="color:undefined;background:undefined;">
      <!---->
      <div class="ms-notice-bar__wrap">
        <div class="ms-notice-bar__content ms-ellipsis" style="padding-left:0;animation-delay:1s;animation-duration:0s;">足协杯战线连续第2年上演广州德比战，上赛季半决赛上恒大以两回合5-3的总比分淘汰富力。</div>
      </div>
      <!---->
    </div>
  </div>
  <div>
    <div class="ms-notice-bar ms-notice-bar--withicon" style="color:undefined;background:undefined;">
      <!---->
      <div class="ms-notice-bar__wrap">
        <div class="ms-notice-bar__content" style="padding-left:0;animation-delay:1s;animation-duration:0s;">足协杯战线连续第2年上演广州德比战，上赛季半决赛上恒大以两回合5-3的总比分淘汰富力。</div>
      </div> <i class="ms-icon ms-icon-cross ms-notice-bar__right-icon" style="color:undefined;font-size:undefined;">
        <!---->
        <!----></i>
    </div>
    <div class="ms-notice-bar ms-notice-bar--withicon" style="color:undefined;background:undefined;">
      <!---->
      <div class="ms-notice-bar__wrap">
        <div class="ms-notice-bar__content" style="padding-left:0;animation-delay:1s;animation-duration:0s;">足协杯战线连续第2年上演广州德比战，上赛季半决赛上恒大以两回合5-3的总比分淘汰富力。</div>
      </div> <i class="ms-icon ms-icon-arrow ms-notice-bar__right-icon" style="color:undefined;font-size:undefined;">
        <!---->
        <!----></i>
    </div>
  </div>
</div>
`;
